 it   obj            cv        du        lg(mu) reg  alpha_du  alpha_pr  ls
  0   5.6044067e-01  5.33e+00  1.80e-02   2.0   -.-  0.00e+00  0.00e+00  0x 
  1   2.4436387e+00  6.85e+00  1.90e+03   2.0   -.-  1.91e-01  3.55e-03  1h 
  2   2.4119451e+00  6.74e+00  7.93e+04   2.0   -.-  5.64e-01  1.46e-02  1h 
  3   2.4118096e+00  6.74e+00  4.21e+08   2.0   -.-  7.71e-01  1.48e-04  1h 
  4 R 1.3808660e+05  6.74e+00  1.00e+03   2.0   -.-  7.71e-01  1.48e-04  0h 
  5 R 1.0875662e+05  6.02e+00  3.44e+04   1.3   -.-  1.66e-01  1.13e-01  1h 
  6   1.5552108e+00  6.02e+00  4.21e+06   2.0   -.-  1.66e-01  1.13e-01  0h 
  7   1.5552802e+00  5.99e+00  2.03e+08   2.0   -.-  2.03e-01  4.15e-03  1h 
  8   1.5553121e+00  5.99e+00  1.34e+12   2.0   -.-  2.72e-01  4.17e-05  1h 
  9 R 1.1887415e+05  5.99e+00  1.00e+03   2.0   -.-  2.72e-01  4.17e-05  0h 
 10 R 1.0806507e+05  5.86e+00  4.99e+04   1.3   -.-  3.43e-01  1.12e-01  1h 
 11   1.6581540e+00  5.86e+00  1.34e+10   2.0   -.-  3.43e-01  1.12e-01  0h 
 12   1.6827817e+00  5.84e+00  9.76e+10   2.0   -.-  3.02e-02  4.10e-03  1h 
 13   1.6828148e+00  5.84e+00  7.63e+14   2.0   -.-  2.86e-01  4.12e-05  1h 
 14 R 1.1783740e+05  5.84e+00  1.00e+03   2.0   -.-  2.86e-01  4.12e-05  0h 
 15 R 7.0114248e+04  7.75e+00  3.42e+05   1.3   -.-  6.46e-01  5.29e-01  1h 
 16   2.1444276e+00  7.75e+00  7.63e+12   2.0   -.-  6.46e-01  5.29e-01  0h 
 17   1.1896953e+02  2.83e+01  5.41e+12   2.0   -.-  1.37e-02  1.91e-02  1h 
 18   1.1893477e+02  2.83e+01  2.98e+15   2.0  -2.0  4.52e-02  1.95e-04  1h 
 19 R 2.4714884e+05  2.83e+01  1.00e+03   2.0   -.-  4.52e-02  1.95e-04  0h 
      solver  :   t_proc      (avg)   t_wall      (avg)    n_eval
       nlp_f  |  76.00ms (  1.65ms)  69.34ms (  1.51ms)        46
       nlp_g  |  90.00ms (  2.81ms)  85.10ms (  2.66ms)        32
  nlp_grad_f  |  90.00ms (  5.29ms)  95.46ms (  5.62ms)        17
  nlp_hess_l  |  19.80 s (  1.16 s)  19.81 s (  1.17 s)        17
   nlp_jac_g  |  10.95 s (342.06ms)  10.95 s (342.19ms)        32
       total  |  31.07 s ( 31.07 s)  31.06 s ( 31.06 s)         1
