 it   obj            cv        du        lg(mu) reg  alpha_du  alpha_pr  ls
  0   3.2408225e+00  5.33e+00  1.73e-01   2.0   -.-  0.00e+00  0.00e+00  0x 
  1   5.0286205e+00  6.37e+00  1.88e+03   2.0   -.-  1.89e-01  3.53e-03  1h 
  2   4.7607147e+00  6.28e+00  3.54e+04   2.0   -.-  2.55e-01  1.46e-02  1h 
  3   4.7602782e+00  6.28e+00  1.17e+08   2.0   -.-  4.63e-01  1.48e-04  1h 
  4 R 1.3667459e+05  6.28e+00  1.00e+03   2.0   -.-  4.63e-01  1.48e-04  0h 
  5 R 1.0972692e+05  5.53e+00  3.15e+04   1.3   -.-  1.53e-01  1.09e-01  1h 
  6   3.9142289e+00  5.53e+00  1.17e+06   2.0   -.-  1.53e-01  1.09e-01  0h 
  7   3.9025893e+00  5.51e+00  9.43e+07   2.0   -.-  3.28e-01  4.00e-03  1h 
  8   3.9029363e+00  5.51e+00  4.63e+11   2.0  -4.0  1.97e-01  4.02e-05  1h 
  9 R 1.1965353e+05  5.51e+00  1.00e+03   2.0   -.-  1.97e-01  4.02e-05  0h 
 10 R 1.1085789e+05  5.21e+00  1.85e+04   1.3   -.-  3.77e-01  8.99e-02  1h 
 11 R 5.6775066e+04  8.37e+00  3.36e+05   1.3   -.-  7.94e-01  6.75e-01  1h 
 12   3.1048774e+01  8.37e+00  4.63e+09   2.0  -4.5  7.94e-01  6.75e-01  0h 
 13   3.0094481e+01  8.26e+00  8.73e+10   2.0   -.-  4.88e-01  1.28e-02  2h 
 14   2.9226420e+01  8.16e+00  1.02e+12   2.0   -.-  1.53e-01  1.31e-02  1h 
 15   2.9218966e+01  8.16e+00  1.64e+15   2.0   -.-  1.99e-01  1.33e-04  1h 
 16 R 1.2218998e+05  8.16e+00  1.00e+03   2.0   -.-  1.99e-01  1.33e-04  0h 
 17 R 1.0852306e+05  7.25e+00  1.12e+06   0.6   -.-  1.29e-01  1.18e-01  1h 
 18   1.1608869e+01  7.25e+00  1.64e+13   2.0   -.-  1.29e-01  1.18e-01  0h 
 19   1.1619412e+01  7.24e+00  2.74e+14   2.0   -.-  1.46e-02  8.67e-04  1h 
 20 R 1.1999550e+05  7.24e+00  1.00e+03   2.0   -.-  1.46e-02  8.67e-04  0h 
 21 R 1.0442939e+05  5.42e+00  5.07e+05   1.3   -.-  2.39e-01  1.64e-01  1h 
 22 R 9.6893020e+04  4.02e+00  2.93e+05   1.3   -.-  1.85e-01  1.23e-01  1h 
 23 R 8.8807133e+04  2.44e+00  2.81e+05   1.3   -.-  1.21e-01  1.05e-01  1h 
 24 R 8.3873220e+04  2.25e+00  2.56e+05   1.3   -.-  4.97e-02  8.04e-02  1h 
 25 R 8.0774366e+04  2.29e+00  1.42e+05   1.3   -.-  1.65e-03  5.38e-02  1h 
 26 R 7.8700826e+04  2.19e+00  1.33e+05   1.3   -.-  9.06e-02  4.22e-02  1h 
 27 R 7.0231754e+04  1.83e+00  7.75e+04   1.3   -.-  4.91e-01  1.76e-01  1h 
 28 R 5.3508487e+04  1.06e+00  4.74e+05   1.3   -.-  4.85e-01  4.38e-01  1h 
 29   2.1245272e+01  1.06e+00  2.90e+12   2.0   -.-  4.85e-01  4.38e-01  0h 
 30   2.0887117e+01  1.06e+00  1.58e+13   2.0   -.-  1.41e-01  1.37e-02  2h 
 31   2.0691289e+01  1.05e+00  2.08e+14   2.0   -.-  1.67e-01  7.02e-03  2h 
 32   2.0619180e+01  1.05e+00  3.88e+14   2.0   -.-  5.20e-02  3.57e-03  2h 
 33   2.0601297e+01  1.05e+00  4.29e+14   2.0   -.-  3.18e-02  9.05e-04  3h 
 34   2.0568917e+01  1.05e+00  7.55e+14   2.0   -.-  6.99e-02  1.36e-03  2h 
 35   2.0558810e+01  1.05e+00  1.40e+15   2.0   -.-  2.99e-02  6.89e-04  2h 
 36   2.0543469e+01  1.05e+00  2.60e+17   2.0   -.-  8.96e-02  6.97e-04  1h 
 37 R 1.2556473e+05  6.22e-01  1.00e+03   2.0   -.-  8.96e-02  6.97e-04  0h 
 38 R 1.1883876e+05  5.94e-01  9.45e+02   1.3   -.-  2.58e-01  4.65e-02  1h 
 39   1.7848470e+01  8.16e-01  1.07e+15   2.0   -.-  2.58e-01  4.65e-02  0h 
 40   1.7855110e+01  8.15e-01  1.59e+15   2.0   -.-  1.35e-02  8.56e-04  2h 
 41   1.7836904e+01  8.14e-01  8.82e+16   2.0   -.-  3.66e-02  8.66e-04  1h 
 42 R 1.2306497e+05  5.93e-01  1.00e+03   2.0   -.-  3.66e-02  8.66e-04  0h 
 43 R 1.0377559e+05  5.04e-01  9.86e+03   1.3   -.-  3.64e-01  1.60e-01  1h 
 44   1.3836343e+01  5.42e-01  3.12e+14   2.0   -.-  3.64e-01  1.60e-01  0h 
 45   1.3835220e+01  5.42e-01  3.18e+14   2.0   -.-  3.78e-02  7.31e-04  4h 
 46   1.3843885e+01  5.41e-01  3.24e+14   2.0   -.-  1.61e-01  6.41e-04  4h 
 47   1.3843129e+01  5.41e-01  3.31e+14   2.0   -.-  3.46e-02  5.62e-04  4h 
 48   1.3844681e+01  5.41e-01  3.39e+14   2.0   -.-  3.01e-01  4.93e-04  4h 
 49   1.3846349e+01  5.41e-01  3.49e+14   2.0   -.-  3.78e-02  4.32e-04  4h 
 50   1.3848721e+01  5.40e-01  3.59e+14   2.0   -.-  2.14e-01  3.79e-04  4h 
 51   1.3851645e+01  5.40e-01  4.16e+14   2.0   -.-  2.75e-02  6.64e-04  3h 
 52   1.3854497e+01  5.40e-01  4.91e+14   2.0   -.-  1.90e-01  5.00e-04  3h 
 53   1.3857084e+01  5.40e-01  5.90e+14   2.0   -.-  2.51e-02  3.76e-04  3h 
 54   1.3869993e+01  5.39e-01  1.48e+17   2.0   -.-  1.05e-01  1.13e-03  1w 
 55   1.3870083e+01  5.39e-01  1.60e+19   2.0   -.-  2.19e-02  1.13e-05  1w 
 56 R 1.1873531e+05  5.02e-01  1.00e+03   2.0   -.-  2.19e-02  1.13e-05  0w 
 57 R 1.1947530e+05  3.26e-01  4.16e+04   2.0   -.-  3.94e-01  4.31e-01  1h 
 58 R 1.2231845e+05  2.48e-01  1.00e+05   2.0   -.-  7.10e-01  5.00e-01  2h 
 59 R 1.2837064e+05  2.28e-01  3.77e+05   2.0   -.-  1.00e+00  1.00e+00  1h 
      solver  :   t_proc      (avg)   t_wall      (avg)    n_eval
       nlp_f  | 245.00ms (  1.24ms) 252.69ms (  1.28ms)       197
       nlp_g  | 338.00ms (  2.11ms) 347.47ms (  2.17ms)       160
  nlp_grad_f  | 245.00ms (  5.70ms) 254.08ms (  5.91ms)        43
  nlp_hess_l  |  60.66 s (  1.12 s)  60.65 s (  1.12 s)        54
   nlp_jac_g  |  26.64 s (328.85ms)  26.62 s (328.66ms)        81
       total  |  88.23 s ( 88.23 s)  88.23 s ( 88.23 s)         1
