 it   obj            cv        du        lg(mu) reg  alpha_du  alpha_pr  ls
  0   3.2408225e+00  5.33e+00  1.73e-01   2.0   -.-  0.00e+00  0.00e+00  0x 
  1   3.9859656e+00  5.94e+00  2.00e+03   2.0   -.-  2.11e-01  3.70e-03  1h 
  2   3.4904896e+02  3.21e+02  6.70e+05   2.0   -.-  6.96e-01  3.68e-01  1H 
  3   3.5871385e+02  3.17e+02  6.69e+05   2.0   0.0  1.09e-02  2.17e-02  1h 
  4   3.5833392e+02  3.16e+02  6.68e+05   2.0   0.4  3.63e-02  2.76e-03  1h 
  5   3.5689399e+02  3.16e+02  6.71e+05   2.0  -0.1  3.21e-02  3.96e-03  4h 
  6   3.5945489e+02  3.10e+02  6.70e+05   2.0   0.4  3.80e-02  1.91e-02  1h 
  7   3.8118579e+02  3.03e+02  6.70e+05   2.0   0.8  1.74e-01  1.48e-02  1h 
  8   4.3398285e+02  2.95e+02  2.44e+06   2.0   1.2  5.98e-02  1.47e-02  1h 
  9   4.4470963e+02  2.94e+02  2.34e+06   2.0   0.7  3.39e-02  7.84e-03  1H 
 10   4.5718433e+02  2.91e+02  3.57e+06   2.0   1.2  1.95e-02  7.90e-03  1h 
 11   4.9438097e+02  2.86e+02  1.42e+07   2.0   1.6  8.47e-04  1.22e-02  1h 
 12   5.0153055e+02  2.85e+02  1.52e+07   2.0   2.0  1.02e-02  2.86e-03  1h 
 13   5.1183284e+02  2.84e+02  1.89e+07   2.0   2.5  5.92e-03  4.03e-03  1h 
 14   5.1152833e+02  2.83e+02  2.08e+07   2.0   2.0  5.29e-04  5.30e-04  1h 
 15   5.1167574e+02  2.83e+02  2.08e+07   2.0   2.4  1.99e-02  1.70e-04  1h 
 16   5.1031601e+02  2.81e+02  3.55e+07   2.0   1.9  1.05e-03  1.55e-03  1h 
 17   5.1061363e+02  2.81e+02  3.55e+07   2.0   2.4  1.11e-02  4.71e-04  1h 
 18   5.1650592e+02  2.79e+02  7.73e+07   2.0   1.9  7.97e-05  1.25e-02  2h 
 19   5.2550495e+02  2.74e+02  2.77e+08   2.0   2.3  6.38e-02  1.51e-02  1h 
 20   5.2553634e+02  2.74e+02  2.77e+08   2.0   2.7  1.53e-02  1.93e-04  1h 
 21   5.2578229e+02  2.73e+02  2.77e+08   2.0   3.2  2.11e-02  1.32e-03  1h 
 22   5.2672612e+02  2.67e+02  3.40e+08   2.0   2.7  1.44e-02  4.98e-03  1h 
 23   5.2673437e+02  2.67e+02  3.40e+08   2.0   3.1  3.92e-02  8.00e-05  1h 
 24   5.2722456e+02  2.65e+02  4.26e+08   2.0   2.6  6.41e-03  3.77e-03  4h 
 25   5.3360839e+02  2.28e+02  1.03e+09   2.0   3.0  1.70e-02  1.12e-02  1h 
 26   5.3378125e+02  2.27e+02  1.03e+09   2.0   3.5  6.41e-02  7.33e-04  1h 
 27   5.3424540e+02  2.25e+02  1.60e+09   2.0   3.0  3.66e-02  3.78e-03  3h 
 28   5.4189424e+02  2.07e+02  5.95e+09   2.0   3.4  6.68e-02  8.71e-03  1h 
 29   5.4227136e+02  2.07e+02  5.96e+09   2.0   3.9  2.17e-02  2.98e-04  1h 
 30   5.4237330e+02  2.07e+02  5.96e+09   2.0   4.3  7.78e-03  1.17e-04  1h 
 31   5.4312588e+02  2.07e+02  6.00e+09   2.0   3.8  2.06e-03  4.36e-04  4h 
 32   5.5276087e+02  2.01e+02  1.49e+10   2.0   4.2  3.36e-03  6.79e-03  1h 
 33   5.5382909e+02  2.00e+02  1.50e+10   2.0   4.7  2.71e-02  9.07e-04  1h 
 34   5.5466518e+02  2.00e+02  1.52e+10   2.0   4.2  1.18e-02  4.71e-04  4h 
 35   5.7053827e+02  1.90e+02  5.93e+10   2.0   4.6  1.42e-01  8.44e-03  2h 
 36   5.7948027e+02  1.87e+02  9.33e+10   2.0   5.0  1.03e-02  4.83e-03  2h 
 37   5.8809694e+02  1.82e+02  1.49e+11   2.0   5.5  2.86e-05  5.32e-03  1h 
 38   5.8812361e+02  1.82e+02  1.49e+11   2.0   5.0  1.04e-03  2.59e-05  1h 
 39   5.8814702e+02  1.82e+02  1.49e+11   2.0   5.4  2.39e-03  1.15e-05  1h 
 40   5.8809928e+02  1.82e+02  1.49e+11   2.0   4.9  1.17e-04  4.51e-06  6h 
 41   6.0173436e+02  1.79e+02  2.99e+11   2.0   5.3  5.31e-05  5.16e-03  2h 
 42   6.1047364e+02  1.77e+02  3.83e+11   2.0   5.8  3.54e-06  3.68e-03  1h 
 43   6.1387850e+02  1.76e+02  3.91e+11   2.0   6.2  8.88e-03  1.74e-03  1h 
 44   6.1443555e+02  1.76e+02  3.95e+11   2.0   5.7  1.07e-03  4.77e-04  1h 
 45   6.1497292e+02  1.76e+02  3.96e+11   2.0   6.2  4.70e-03  5.95e-04  1h 
 46   6.1674923e+02  1.75e+02  4.47e+11   2.0   5.7  3.71e-04  1.35e-03  3h 
 47   6.1988815e+02  1.75e+02  4.61e+11   2.0   6.1  1.57e-07  1.54e-03  1h 
 48   6.1992478e+02  1.75e+02  4.61e+11   2.0   6.5  1.80e-03  2.20e-05  1h 
 49   6.2071805e+02  1.75e+02  4.63e+11   2.0   6.0  2.63e-03  4.35e-04  1h 
 50   6.2345100e+02  1.74e+02  4.95e+11   2.0   6.5  3.14e-03  1.94e-03  1h 
 51   6.2532459e+02  1.74e+02  4.99e+11   2.0   6.0  9.21e-04  4.43e-04  1h 
 52   6.2534771e+02  1.74e+02  4.99e+11   2.0   6.4  5.34e-03  1.40e-05  1h 
 53   6.2535765e+02  1.74e+02  4.99e+11   2.0   5.9  4.67e-02  1.27e-05  1h 
 54   6.2645883e+02  1.74e+02  5.17e+11   2.0   6.4  3.43e-04  1.46e-03  1h 
 55   6.2720157e+02  1.73e+02  5.66e+11   2.0   5.9  9.26e-03  1.03e-03  1h 
 56   6.2707976e+02  1.73e+02  6.18e+11   2.0   6.3  1.26e-02  1.70e-03  1h 
 57   6.2718251e+02  1.73e+02  6.66e+11   2.0   5.8  5.30e-03  6.28e-04  1h 
 58   6.2780227e+02  1.70e+02  1.18e+12   2.0   6.3  1.24e-03  3.63e-03  1h 
 59   6.2780895e+02  1.70e+02  1.18e+12   2.0   6.7  1.12e-06  1.47e-04  1h 
      solver  :   t_proc      (avg)   t_wall      (avg)    n_eval
       nlp_f  | 313.00ms (  1.42ms) 288.41ms (  1.31ms)       220
       nlp_g  | 224.00ms (  2.22ms) 224.13ms (  2.22ms)       101
  nlp_grad_f  | 319.00ms (  5.23ms) 333.62ms (  5.47ms)        61
  nlp_hess_l  |  67.63 s (  1.13 s)  67.63 s (  1.13 s)        60
   nlp_jac_g  |  20.26 s (332.15ms)  20.26 s (332.16ms)        61
       total  |  88.83 s ( 88.83 s)  88.84 s ( 88.84 s)         1
