 it   obj            cv        du        lg(mu) reg  alpha_du  alpha_pr  ls
  0   3.1347884e-01  5.49e-01  4.92e-03   2.0   -.-  0.00e+00  0.00e+00  0x 
  1   1.1809165e+00  5.47e-01  7.42e+01   2.0   -.-  8.03e-03  3.06e-03  1h 
  2   1.8203772e+00  5.39e-01  6.68e+03   2.0   -.-  3.98e-01  1.51e-02  1h 
  3   1.8230908e+00  5.39e-01  1.80e+06   2.0   -.-  3.89e-02  1.53e-04  1h 
  4 R 5.9061941e+05  7.08e-02  1.00e+03   2.0   -.-  3.89e-02  1.53e-04  0h 
  5 R 3.8310188e+05  3.99e-02  5.37e+02   1.3   -.-  9.98e-01  4.40e-01  1h 
  6   1.8639907e+00  5.48e-01  3.98e+04   2.0   -.-  9.98e-01  4.40e-01  0h 
  7   2.2354227e+00  5.39e-01  7.62e+04   2.0   -.-  6.10e-02  1.59e-02  1h 
  8   2.2399316e+00  5.39e-01  2.39e+07   2.0   -.-  4.51e-02  1.62e-04  1h 
  9 R 5.8647710e+05  3.98e-02  1.00e+03   2.0   -.-  4.51e-02  1.62e-04  0h 
 10 R 1.6070727e+05  3.06e-03  6.84e+01   1.3   -.-  9.99e-01  9.29e-01  1h 
 11 R 4.8460274e+04  6.86e-04  2.32e+02  -0.1   -.-  9.95e-01  7.77e-01  1h 
 12   2.5588385e+00  5.43e-01  2.40e+05   2.0   -.-  9.95e-01  7.77e-01  0h 
 13   2.8293644e+00  5.39e-01  7.31e+05   2.0   -.-  2.38e-02  7.71e-03  1h 
 14   2.8324312e+00  5.39e-01  3.78e+08   2.0   -.-  3.06e-02  7.77e-05  1h 
 15 R 5.8515663e+05  8.12e-04  1.00e+03   2.0   -.-  3.06e-02  7.77e-05  0h 
 16 R 3.4708722e+05  3.90e-04  7.00e+02   1.3   -.-  2.84e-01  5.21e-01  1h 
 17 R 1.9311887e+05  1.16e-04  1.38e+02   1.3   -.-  9.99e-01  7.04e-01  1h 
 18 R 4.6798808e+04  4.93e-05  4.97e+01  -0.1   -.-  1.00e+00  8.26e-01  1h 
 19 R 1.8193063e+04  3.91e-05  1.01e+02  -0.1   -.-  1.00e+00  9.68e-01  1h 
 20 R 1.7240276e+04  1.14e-05  1.83e-01  -0.1   -.-  1.00e+00  1.00e+00  1h 
 21 R 1.4646241e+04  3.79e-03  4.05e+01  -2.2   -.-  5.07e-01  5.47e-01  1h 
 22 R 1.3128450e+04  5.03e-03  5.16e+01  -2.2   -.-  5.82e-01  7.27e-01  1h 
 23 R 1.2611709e+04  3.47e-03  1.50e+00  -2.2   -.-  8.98e-01  9.71e-01  1h 
 24 R 1.2612333e+04  3.26e-03  8.77e+02  -2.2   -.-  1.00e+00  6.07e-02  1h 
 25 R 1.2629447e+04  9.91e-04  2.40e+01  -2.2   -.-  5.09e-01  1.00e+00  1h 
 26   3.0479656e+01  5.39e-01  3.79e+06   2.0   -.-  5.09e-01  1.00e+00  0h 
 27   3.0479477e+01  5.39e-01  1.35e+08   2.0   -.-  3.75e-04  1.04e-05  1h 
 28 R 5.8469706e+05  2.10e-04  1.00e+03   2.0   -.-  3.75e-04  1.04e-05  0h 
 29 R 2.9281490e+05  7.66e-05  1.11e+03   1.3   -.-  1.30e-01  6.43e-01  1h 
      solver  :   t_proc      (avg)   t_wall      (avg)    n_eval
       nlp_f  | 415.00ms (  7.55ms) 420.51ms (  7.65ms)        55
       nlp_g  | 623.00ms ( 11.54ms) 628.36ms ( 11.64ms)        54
  nlp_grad_f  | 449.00ms ( 28.06ms) 441.83ms ( 27.61ms)        16
  nlp_hess_l  | 163.55 s (  6.06 s) 163.55 s (  6.06 s)        27
   nlp_jac_g  |  70.97 s (  1.69 s)  70.98 s (  1.69 s)        42
       total  | 236.18 s (236.18 s) 236.17 s (236.17 s)         1
