 it   obj            cv        du        lg(mu) reg  alpha_du  alpha_pr  ls
  0   5.6044067e-01  5.33e+00  3.25e+02   2.0   -.-  0.00e+00  0.00e+00  0x 
degenerate Jacobian
  1   1.4248697e+01  1.78e+01  1.09e+03   2.0   -.-  1.09e-01  2.85e-03  1h 
degenerate Jacobian
  2   1.4812283e+01  1.82e+01  1.91e+04   2.0   -.-  3.07e-01  2.07e-02  1h 
degenerate Jacobian
  3   3.8421628e+01  4.56e+01  2.65e+04   2.0  -4.0  2.00e-02  2.53e-03  3h 
degenerate Jacobian
  4   3.8502149e+01  4.52e+01  7.78e+04   2.0  -1.8  1.08e-01  1.13e-02  3h 
degenerate Jacobian
  5   3.8936423e+01  4.46e+01  2.34e+05   2.0  -1.3  2.62e-01  1.48e-02  3h 
degenerate Jacobian
  6   3.8774705e+01  4.45e+01  3.81e+05   2.0  -1.8  5.35e-01  9.02e-03  5h 
degenerate Jacobian
  7   3.8571995e+01  4.45e+01  3.93e+05   2.0  -2.3  1.72e-01  9.40e-03  5h 
degenerate Jacobian
  8   3.8340728e+01  4.43e+01  4.24e+05   2.0  -1.9  3.97e-01  7.09e-03  6h 
degenerate Jacobian
  9   3.7549696e+01  4.48e+01  4.23e+05   2.0  -2.3  1.54e-04  3.19e-04  1H 
degenerate Jacobian
 10   3.6924504e+01  4.45e+01  4.42e+05   2.0  -1.0  1.13e-01  2.18e-02  3h 
degenerate Jacobian
 11   3.6649469e+01  4.39e+01  4.38e+05   2.0  -1.5  2.87e-02  1.18e-02  5h 
degenerate Jacobian
 12   3.6501365e+01  4.37e+01  4.53e+05   2.0  -1.1  1.23e-01  4.77e-03  6h 
degenerate Jacobian
 13   3.6387078e+01  4.36e+01  4.51e+05   2.0  -1.5  2.20e-02  2.52e-03  3h 
degenerate Jacobian
 14   3.6240992e+01  4.33e+01  4.52e+05   2.0  -1.1  5.23e-02  6.74e-03  6h 
degenerate Jacobian
 15   3.6160760e+01  4.31e+01  5.01e+05   2.0  -0.7  1.50e-01  5.12e-03  6h 
degenerate Jacobian
 16   3.6074916e+01  4.28e+01  4.96e+05   2.0  -1.2  1.12e-01  5.87e-03  6h 
degenerate Jacobian
 17   3.5998185e+01  4.27e+01  5.13e+05   2.0  -0.7  9.43e-02  3.04e-03  7h 
degenerate Jacobian
 18   3.6173057e+01  4.26e+01  5.12e+05   2.0  -1.2  3.41e-03  1.64e-03  4h 
degenerate Jacobian
 19   3.6366744e+01  4.24e+01  5.32e+05   2.0  -0.8  1.87e-01  3.88e-03  5h 
degenerate Jacobian
      solver  :   t_proc      (avg)   t_wall      (avg)    n_eval
       nlp_f  | 165.00ms (  1.19ms) 179.66ms (  1.29ms)       139
       nlp_g  | 228.00ms (  2.28ms) 204.14ms (  2.04ms)       100
  nlp_grad_f  | 121.00ms (  5.76ms) 122.38ms (  5.83ms)        21
  nlp_hess_l  |  22.54 s (  1.13 s)  22.55 s (  1.13 s)        20
   nlp_jac_g  |   6.74 s (320.86ms)   6.73 s (320.37ms)        21
       total  |  29.84 s ( 29.84 s)  29.84 s ( 29.84 s)         1
