 it   obj            cv        du        lg(mu) reg  alpha_du  alpha_pr  ls
  0   3.2408225e+00  5.33e+00  1.73e-01   2.0   -.-  0.00e+00  0.00e+00  0x 
  1   5.0286205e+00  6.37e+00  1.88e+03   2.0   -.-  1.89e-01  3.53e-03  1h 
  2   4.7607147e+00  6.28e+00  3.54e+04   2.0   -.-  2.55e-01  1.46e-02  1h 
  3   4.7602782e+00  6.28e+00  1.17e+08   2.0   -.-  4.63e-01  1.48e-04  1h 
  4 R 1.3667459e+05  6.28e+00  1.00e+03   2.0   -.-  4.63e-01  1.48e-04  0h 
  5 R 1.0972692e+05  5.53e+00  3.15e+04   1.3   -.-  1.53e-01  1.09e-01  1h 
  6   3.9142289e+00  5.53e+00  1.17e+06   2.0   -.-  1.53e-01  1.09e-01  0h 
  7   3.9025893e+00  5.51e+00  9.43e+07   2.0   -.-  3.28e-01  4.00e-03  1h 
  8   3.9029363e+00  5.51e+00  4.63e+11   2.0  -4.0  1.97e-01  4.02e-05  1h 
  9 R 1.1965353e+05  5.51e+00  1.00e+03   2.0   -.-  1.97e-01  4.02e-05  0h 
 10 R 1.1085789e+05  5.21e+00  1.85e+04   1.3   -.-  3.77e-01  8.99e-02  1h 
 11 R 5.6775066e+04  8.37e+00  3.36e+05   1.3   -.-  7.94e-01  6.75e-01  1h 
 12   3.1048774e+01  8.37e+00  4.63e+09   2.0  -4.5  7.94e-01  6.75e-01  0h 
 13   3.0094481e+01  8.26e+00  8.73e+10   2.0   -.-  4.88e-01  1.28e-02  2h 
 14   2.9226420e+01  8.16e+00  1.02e+12   2.0   -.-  1.53e-01  1.31e-02  1h 
 15   2.9218966e+01  8.16e+00  1.64e+15   2.0   -.-  1.99e-01  1.33e-04  1h 
 16 R 1.2218998e+05  8.16e+00  1.00e+03   2.0   -.-  1.99e-01  1.33e-04  0h 
 17 R 1.0852306e+05  7.25e+00  1.12e+06   0.6   -.-  1.29e-01  1.18e-01  1h 
 18   1.1608869e+01  7.25e+00  1.64e+13   2.0   -.-  1.29e-01  1.18e-01  0h 
 19   1.1619412e+01  7.24e+00  2.74e+14   2.0   -.-  1.46e-02  8.67e-04  1h 
      solver  :   t_proc      (avg)   t_wall      (avg)    n_eval
       nlp_f  |  70.00ms (  1.30ms)  69.07ms (  1.28ms)        54
       nlp_g  |  82.00ms (  2.05ms)  79.44ms (  1.99ms)        40
  nlp_grad_f  |  77.00ms (  4.53ms)  80.77ms (  4.75ms)        17
  nlp_hess_l  |  16.02 s (942.53ms)  16.03 s (942.86ms)        17
   nlp_jac_g  |   9.11 s (284.62ms)   9.11 s (284.58ms)        32
       total  |  25.41 s ( 25.41 s)  25.41 s ( 25.41 s)         1
