 it   obj            cv        du        lg(mu) reg  alpha_du  alpha_pr  ls
  0   3.2408225e+00  5.33e+00  1.68e-01   2.0   -.-  0.00e+00  0.00e+00  0x 
  1   3.5092719e+00  5.33e+00  2.11e+03   2.0   -.-  2.20e-01  1.85e-03  1h 
  2   2.6604456e+02  1.61e+02  4.95e+05   2.0   -.-  2.83e-01  2.49e-01  2h 
  3   2.6984959e+02  1.61e+02  5.22e+05   2.0   2.0  8.77e-04  2.38e-04  3h 
  4 R 3.8571365e+05  1.61e+02  1.00e+03   2.2   -.-  8.77e-04  2.38e-04  0h 
  5 R 3.8580124e+05  1.61e+02  1.01e+03   1.5   -.-  2.01e-03  2.65e-05  9h 
  6 R 3.8589277e+05  1.61e+02  1.11e+03   1.5   -.-  4.70e-03  2.73e-05  9h 
  7 R 3.8598316e+05  1.61e+02  1.19e+03   1.5   -.-  2.81e-03  2.61e-05  9h 
  8 R 3.8608120e+05  1.61e+02  1.35e+03   1.5   -.-  5.45e-03  2.83e-05  9h 
  9 R 3.8620023e+05  1.61e+02  1.43e+03   1.5   -.-  3.31e-03  3.45e-05  9h 
 10 R 3.8626902e+05  1.61e+02  1.54e+03   1.5   -.-  5.04e-03  2.00e-05  10h 
 11 R 3.8635468e+05  1.61e+02  1.60e+03   1.5   -.-  3.38e-03  2.46e-05  10h 
 12 R 3.8448545e+05  1.90e+02  1.22e+06   1.5   -.-  4.77e-03  1.29e-03  1H 
 13 R 3.8419993e+05  1.90e+02  1.24e+06   1.5   2.0  3.17e-03  1.79e-04  1h 
 14 R 3.8352255e+05  1.90e+02  1.27e+06   1.5   1.5  1.85e-04  6.64e-05  1h 
 15 R 3.8401392e+05  1.89e+02  2.22e+06   1.5   1.9  4.30e-04  8.56e-04  2h 
 16 R 3.8481233e+05  1.89e+02  2.24e+06   1.5   2.4  4.10e-04  2.10e-04  4h 
 17 R 3.8485974e+05  1.89e+02  2.24e+06   1.5   1.9  4.68e-04  1.18e-05  8h 
      solver  :   t_proc      (avg)   t_wall      (avg)    n_eval
       nlp_f  |  59.00ms (  1.31ms)  61.58ms (  1.37ms)        45
       nlp_g  | 325.00ms (  2.29ms) 318.79ms (  2.25ms)       142
  nlp_grad_f  |  19.00ms (  3.80ms)  22.06ms (  4.41ms)         5
  nlp_hess_l  |  17.98 s (999.06ms)  17.98 s (999.11ms)        18
   nlp_jac_g  |   6.80 s (323.76ms)   6.79 s (323.29ms)        21
       total  |  25.22 s ( 25.22 s)  25.22 s ( 25.22 s)         1
