 it   obj            cv        du        lg(mu) reg  alpha_du  alpha_pr  ls
  0   5.6044067e-01  5.33e+00  1.75e-02   2.0   -.-  0.00e+00  0.00e+00  0x 
  1   2.3411077e+00  6.68e+00  1.90e+03   2.0   -.-  1.91e-01  3.55e-03  1h 
  2   2.3219819e+00  6.58e+00  7.98e+04   2.0   -.-  5.67e-01  1.46e-02  1h 
  3   2.3218787e+00  6.58e+00  4.06e+08   2.0   -.-  7.39e-01  1.48e-04  1h 
  4 R 1.3752875e+05  6.58e+00  1.00e+03   2.0   -.-  7.39e-01  1.48e-04  0h 
  5 R 1.0867437e+05  5.89e+00  2.21e+04   1.3   -.-  1.70e-01  1.14e-01  1h 
  6   1.5569329e+00  5.89e+00  4.06e+06   2.0   -.-  1.70e-01  1.14e-01  0h 
  7   1.5569217e+00  5.86e+00  2.72e+08   2.0   -.-  2.83e-01  4.17e-03  1h 
  8   1.5569578e+00  5.86e+00  1.96e+12   2.0   -.-  3.01e-01  4.19e-05  1h 
  9 R 1.1895843e+05  5.86e+00  1.00e+03   2.0   -.-  3.01e-01  4.19e-05  0h 
 10 R 1.1437782e+05  5.67e+00  7.05e+03   1.3   -.-  3.81e-01  4.64e-02  1h 
 11 R 5.6601072e+04  8.23e+00  6.77e+05   1.3   -.-  7.54e-01  6.94e-01  1h 
 12 R 5.4598946e+04  7.31e+00  5.74e+06   1.3   2.0  1.36e-01  1.05e-01  2h 
 13 R 5.4639676e+04  7.12e+00  5.97e+06   1.3   2.4  7.38e-02  2.50e-02  3h 
 14 R 5.9565685e+04  6.75e+00  7.45e+06   1.3   2.9  5.09e-03  5.26e-02  2h 
 15 R 5.9886134e+04  6.73e+00  7.84e+06   1.3   2.4  1.19e-02  2.48e-03  3h 
 16 R 6.7842213e+04  6.41e+00  1.32e+07   1.3   2.8  2.29e-02  4.54e-02  1h 
 17 R 7.9247781e+04  6.10e+00  1.84e+07   1.3   3.2  2.64e-02  4.59e-02  1h 
 18 R 9.2626980e+04  5.77e+00  4.29e+07   1.3   3.7  3.24e-02  4.85e-02  1h 
 19 R 9.8918629e+04  5.57e+00  6.64e+07   1.3   4.1  3.06e-02  3.08e-02  1h 
      solver  :   t_proc      (avg)   t_wall      (avg)    n_eval
       nlp_f  |  37.00ms (  1.09ms)  43.52ms (  1.28ms)        34
       nlp_g  | 119.00ms (  2.48ms) 110.34ms (  2.30ms)        48
  nlp_grad_f  |  48.00ms (  5.33ms)  42.33ms (  4.70ms)         9
  nlp_hess_l  |  21.46 s (  1.13 s)  21.46 s (  1.13 s)        19
   nlp_jac_g  |   8.63 s (331.92ms)   8.63 s (331.93ms)        26
       total  |  30.33 s ( 30.33 s)  30.33 s ( 30.33 s)         1
