 it   obj            cv        du        lg(mu) reg  alpha_du  alpha_pr  ls
  0   5.6044067e-01  5.33e+00  1.68e-02   2.0   -.-  0.00e+00  0.00e+00  0x 
  1   3.7081131e+00  6.76e+00  7.20e+02   2.0   -.-  8.46e-02  5.26e-03  2h 
  2   7.8852662e+01  2.57e+01  8.50e+03   2.0   -.-  1.50e-01  1.07e-01  2h 
  3   7.9914398e+01  2.54e+01  3.14e+04   2.0   0.0  5.46e-02  1.14e-02  3h 
  4   8.3505175e+01  2.74e+01  1.31e+05   2.0  -0.5  2.35e-01  4.14e-02  1h 
  5   7.4301315e+01  1.98e+01  8.17e+05   2.0  -0.1  6.65e-02  4.88e-02  1h 
  6   7.4493894e+01  1.97e+01  8.16e+05   2.0   2.2  6.20e-02  1.03e-03  1h 
  7   7.5092620e+01  1.97e+01  8.19e+05   2.0   1.7  8.84e-02  3.50e-03  3h 
  8   7.5151024e+01  1.96e+01  8.23e+05   2.0   1.2  4.90e-02  3.97e-03  4h 
  9   7.6458843e+01  1.90e+01  3.18e+06   2.0   1.7  1.57e-01  1.98e-02  1h 
 10   7.7029460e+01  1.87e+01  6.44e+06   2.0   2.1  1.66e-01  1.27e-02  2h 
 11   7.7016799e+01  1.86e+01  7.63e+06   2.0   1.6  1.59e-02  3.28e-03  5h 
 12   7.7082874e+01  1.85e+01  8.92e+06   2.0   2.0  3.40e-02  4.95e-03  4h 
 13   7.7496405e+01  1.84e+01  1.14e+07   2.0   2.5  8.11e-02  6.68e-03  3h 
 14   7.7452461e+01  1.83e+01  1.23e+07   2.0   2.0  4.67e-02  2.58e-03  5h 
 15   7.7584320e+01  1.82e+01  1.43e+07   2.0   2.4  1.08e-01  4.92e-03  4h 
 16   7.7505252e+01  1.82e+01  1.54e+07   2.0   1.9  3.13e-02  1.73e-03  6h 
 17   7.7387285e+01  1.81e+01  1.67e+07   2.0   2.4  3.98e-02  3.31e-03  5h 
 18   7.7384551e+01  1.81e+01  1.80e+07   2.0   1.9  1.19e-02  7.90e-04  6h 
 19   7.7223531e+01  1.80e+01  1.97e+07   2.0   2.3  3.39e-02  3.18e-03  5h 
      solver  :   t_proc      (avg)   t_wall      (avg)    n_eval
       nlp_f  | 131.00ms (  1.07ms) 148.88ms (  1.21ms)       123
       nlp_g  | 152.00ms (  1.81ms) 149.83ms (  1.78ms)        84
  nlp_grad_f  |  96.00ms (  4.57ms)  96.57ms (  4.60ms)        21
  nlp_hess_l  |  22.00 s (  1.10 s)  22.00 s (  1.10 s)        20
   nlp_jac_g  |   6.65 s (316.57ms)   6.63 s (315.93ms)        21
       total  |  29.06 s ( 29.06 s)  29.07 s ( 29.07 s)         1
