 it   obj            cv        du        lg(mu) reg  alpha_du  alpha_pr  ls
  0   5.6044067e-01  5.33e+00  1.78e-02   2.0   -.-  0.00e+00  0.00e+00  0x 
  1   3.1676984e+00  3.92e+01  5.27e+03   2.0   -.-  1.00e+00  1.00e+00  1h 
  2   3.7777901e+00  2.22e+01  7.81e+04   2.0   0.0  1.00e+00  2.50e-01  3h 
  3   4.6411252e+01  5.55e+00  4.65e+06   2.0   0.4  1.00e+00  1.00e+00  1h 
  4   3.2594212e+01  3.47e+00  5.23e+07   2.0   1.8  1.00e+00  2.50e-01  3h 
  5   1.3495700e+01  3.88e+00  1.77e+08   2.0   3.1  1.00e+00  2.50e-01  3h 
  6   8.9042414e+00  3.66e+00  2.87e+08   2.0   3.5  1.00e+00  2.50e-01  3h 
  7   9.4155291e+00  3.82e+00  1.64e+08   2.0   3.9  1.00e+00  1.25e-01  4h 
  8   9.8970272e+00  3.70e+00  1.50e+08   2.0   4.4  1.00e+00  3.12e-02  6h 
  9   1.0242884e+01  3.67e+00  1.54e+08   2.0   3.9  1.00e+00  7.81e-03  8h 
 10   1.3203949e+01  3.05e+00  6.74e+08   2.0   4.3  1.00e+00  1.25e-01  4h 
 11   2.3088891e+01  2.24e+00  1.02e+10   2.0   4.7  1.00e+00  5.00e-01  2h 
 12   2.2306208e+01  1.90e+00  6.77e+10   2.0   6.1  1.00e+00  2.50e-01  3h 
 13   2.3456002e+01  7.99e-01  1.46e+11   2.0   5.6  1.00e+00  5.00e-01  2h 
 14   3.2501928e+01  1.18e+00  3.55e+12   2.0   6.9  1.00e+00  1.00e+00  1h 
 15   2.7420873e+01  6.05e-01  1.94e+12   2.0   7.3  1.00e+00  1.00e+00  1h 
 16   2.7975293e+01  7.30e-02  1.92e+12   2.0   7.8  1.00e+00  1.00e+00  1h 
 17   2.7849008e+01  2.62e-03  2.79e+11   2.0   7.3  1.00e+00  1.00e+00  1h 
 18   2.7843368e+01  4.23e-06  3.10e+08   2.0   6.8  1.00e+00  1.00e+00  1h 
 19   2.7843346e+01  1.07e-11  4.81e+04   2.0   6.3  1.00e+00  1.00e+00  1h 
      solver  :   t_proc      (avg)   t_wall      (avg)    n_eval
       nlp_f  | 143.00ms (  1.40ms) 128.86ms (  1.26ms)       102
       nlp_g  |  32.00ms (507.94us)  40.88ms (648.95us)        63
  nlp_grad_f  |  88.00ms (  4.19ms)  98.65ms (  4.70ms)        21
  nlp_hess_l  |  22.56 s (  1.13 s)  22.56 s (  1.13 s)        20
   nlp_jac_g  |   2.37 s (112.76ms)   2.37 s (112.63ms)        21
       total  |  25.22 s ( 25.22 s)  25.22 s ( 25.22 s)         1
